CorrelationId: 6575ad3b-163a-4418-905c-5db0ec8addb3
UTC DateTime: 04/11/2023 11:42:25

The following file/folder has not been downloaded
0. INFORMATICA VM 9.1.0 FORMATION/INFORMATICA VM 9.1.0 VM.zip
mala jaw ::! 